[2026-05-26T07:46:23.375Z] [COMMAND_EXECUTED] [system] {"name":"sessions","success":true}
[2026-05-26T07:46:52.752Z] [COMMAND_EXECUTED] [system] {"name":"exit","success":true}
[2026-05-26T07:46:52.775Z] [MEMORY.UPDATED] [memory-system] {"sessionId":"session_1779780397667","memoryType":"metadata","actor":"system"}
[2026-05-26T07:48:27.317Z] [INFO] [LoggingPlugin] Logging plugin initialized.
[2026-05-26T07:48:27.631Z] [RUNTIME_STARTED] [system] {"version":"1.0.0"}
[2026-05-26T07:48:40.154Z] [COMMAND_EXECUTED] [system] {"name":"plugins","success":true}
[2026-05-26T07:48:50.807Z] [INFO] [LoggingPlugin] Logging plugin shutting down.
[2026-05-26T07:48:50.814Z] [COMMAND_EXECUTED] [system] {"name":"remove","success":true}
[2026-05-26T07:49:05.004Z] [COMMAND_EXECUTED] [system] {"name":"help","success":true}
[2026-05-26T07:49:11.505Z] [COMMAND_EXECUTED] [system] {"name":"help","success":true}
[2026-05-26T07:55:01.239Z] [INFO] [LoggingPlugin] Logging plugin initialized.
[2026-05-26T07:55:01.244Z] [COMMAND_EXECUTED] [system] {"name":"add","success":true}
[2026-05-26T07:55:06.270Z] [COMMAND_EXECUTED] [system] {"name":"help","success":true}
[2026-05-26T07:55:17.901Z] [COMMAND_EXECUTED] [system] {"name":"plugins","success":true}
[2026-05-26T07:55:28.025Z] [INFO] [LoggingPlugin] Logging plugin shutting down.
[2026-06-19T10:07:10.075Z] [INFO] [LoggingPlugin] Logging plugin initialized.
[2026-06-19T10:07:21.336Z] [MEMORY.UPDATED] [memory-system] {"sessionId":"session_1781863251771","memoryType":"history","actor":"system"}
[2026-06-19T10:07:55.868Z] [EXECUTION_COMPLETED] [system] {"input":"tell me what are there in your memory","status":"COMPLETED"}
[2026-06-19T10:20:01.131Z] [INFO] [LoggingPlugin] Logging plugin initialized.
[2026-06-19T10:20:01.430Z] [RUNTIME_STARTED] [system] {"version":"1.0.0"}
[2026-06-19T10:23:45.153Z] [INFO] [LoggingPlugin] Logging plugin initialized.
[2026-06-19T10:23:45.357Z] [RUNTIME_STARTED] [system] {"version":"1.0.0"}
[2026-06-19T10:24:13.146Z] [INFO] [LoggingPlugin] Logging plugin initialized.
[2026-06-19T10:24:13.342Z] [RUNTIME_STARTED] [system] {"version":"1.0.0"}
[2026-06-19T10:26:40.885Z] [INFO] [LoggingPlugin] Logging plugin initialized.
[2026-06-19T10:26:41.126Z] [RUNTIME_STARTED] [system] {"version":"1.0.0"}
[2026-06-19T10:30:00.823Z] [INFO] [LoggingPlugin] Logging plugin initialized.
[2026-06-19T10:30:01.053Z] [RUNTIME_STARTED] [system] {"version":"1.0.0"}
[2026-06-19T10:45:39.018Z] [INFO] [LoggingPlugin] Logging plugin initialized.
[2026-06-19T10:45:39.453Z] [RUNTIME_STARTED] [system] {"version":"1.0.0"}
[2026-06-19T10:47:39.183Z] [INFO] [LoggingPlugin] Logging plugin initialized.
[2026-06-19T10:47:39.512Z] [RUNTIME_STARTED] [system] {"version":"1.0.0"}
[2026-06-19T10:48:59.236Z] [MEMORY.UPDATED] [memory-system] {"sessionId":"session_1779948258084","memoryType":"history","actor":"system"}
[2026-06-19T10:49:43.830Z] [MEMORY.UPDATED] [memory-system] {"sessionId":"session_1779948258084","memoryType":"history","actor":"system"}
[2026-06-19T10:50:34.825Z] [EXECUTION_COMPLETED] [system] {"input":"hi","status":"COMPLETED"}
[2026-06-19T10:51:41.234Z] [MEMORY.UPDATED] [memory-system] {"sessionId":"session_1781866239252","memoryType":"history","actor":"system"}
[2026-06-19T10:52:24.731Z] [MEMORY.UPDATED] [memory-system] {"sessionId":"session_1781866239252","memoryType":"history","actor":"system"}
[2026-06-19T10:52:56.032Z] [EXECUTION_COMPLETED] [system] {"input":"hi","status":"COMPLETED"}
[2026-06-19T11:02:55.751Z] [INFO] [LoggingPlugin] Logging plugin initialized.
[2026-06-19T11:02:56.296Z] [RUNTIME_STARTED] [system] {"version":"1.0.0"}
[2026-06-19T11:03:44.246Z] [MEMORY.UPDATED] [memory-system] {"sessionId":"session_1781866987847","memoryType":"history","actor":"system"}
[2026-06-19T11:04:03.129Z] [MEMORY.UPDATED] [memory-system] {"sessionId":"session_1781866987847","memoryType":"history","actor":"system"}
[2026-06-19T11:04:33.469Z] [INFO] [LoggingPlugin] Logging plugin initialized.
[2026-06-19T11:04:33.862Z] [RUNTIME_STARTED] [system] {"version":"1.0.0"}
[2026-06-19T11:04:47.403Z] [MEMORY.UPDATED] [memory-system] {"sessionId":"session_1781866987847","memoryType":"history","actor":"system"}
[2026-06-19T11:05:00.898Z] [MEMORY.UPDATED] [memory-system] {"sessionId":"session_1781866987847","memoryType":"history","actor":"system"}
[2026-06-19T11:05:00.898Z] [EXECUTION_COMPLETED] [system] {"input":"hi","status":"COMPLETED"}
[2026-06-19T11:05:15.759Z] [MEMORY.UPDATED] [memory-system] {"sessionId":"session_1781867115647","memoryType":"history","actor":"system"}
[2026-06-19T11:05:23.451Z] [MEMORY.UPDATED] [memory-system] {"sessionId":"session_1781867115647","memoryType":"history","actor":"system"}
[2026-06-19T11:05:23.452Z] [EXECUTION_COMPLETED] [system] {"input":"hi","status":"COMPLETED"}
[2026-06-19T11:05:53.804Z] [INFO] [LoggingPlugin] Logging plugin initialized.
[2026-06-19T11:05:54.185Z] [RUNTIME_STARTED] [system] {"version":"1.0.0"}
[2026-06-19T11:06:06.927Z] [MEMORY.UPDATED] [memory-system] {"sessionId":"session_1781867166801","memoryType":"history","actor":"system"}
[2026-06-19T11:06:13.138Z] [MEMORY.UPDATED] [memory-system] {"sessionId":"session_1781867166801","memoryType":"history","actor":"system"}
[2026-06-19T11:06:13.138Z] [EXECUTION_COMPLETED] [system] {"input":"hi","status":"COMPLETED"}
[2026-06-19T11:07:18.932Z] [INFO] [LoggingPlugin] Logging plugin initialized.
[2026-06-19T11:07:19.306Z] [RUNTIME_STARTED] [system] {"version":"1.0.0"}
[2026-06-19T11:07:31.497Z] [MEMORY.UPDATED] [memory-system] {"sessionId":"session_1781867251391","memoryType":"history","actor":"system"}
[2026-06-19T11:07:39.977Z] [MEMORY.UPDATED] [memory-system] {"sessionId":"session_1781867251391","memoryType":"history","actor":"system"}
[2026-06-19T11:07:39.977Z] [EXECUTION_COMPLETED] [system] {"input":"hi","status":"COMPLETED"}
[2026-06-19T11:09:53.886Z] [MEMORY.UPDATED] [memory-system] {"sessionId":"session_1781867390889","memoryType":"history","actor":"system"}
[2026-06-19T11:10:11.551Z] [MEMORY.UPDATED] [memory-system] {"sessionId":"session_1781867390889","memoryType":"history","actor":"system"}
[2026-06-19T11:10:11.552Z] [EXECUTION_COMPLETED] [system] {"input":"hi","status":"COMPLETED"}
[2026-06-19T11:10:20.475Z] [MEMORY.UPDATED] [memory-system] {"sessionId":"session_1781867390889","memoryType":"history","actor":"system"}
[2026-06-19T11:10:40.843Z] [MEMORY.UPDATED] [memory-system] {"sessionId":"session_1781867390889","memoryType":"history","actor":"system"}
[2026-06-19T11:10:40.843Z] [EXECUTION_COMPLETED] [system] {"input":"create a file named gokul","status":"COMPLETED"}
[2026-06-19T11:11:48.623Z] [MEMORY.UPDATED] [memory-system] {"sessionId":"session_1781867390889","memoryType":"history","actor":"system"}
[2026-06-19T11:11:56.500Z] [MEMORY.UPDATED] [memory-system] {"sessionId":"session_1781867390889","memoryType":"history","actor":"system"}
[2026-06-19T11:11:56.527Z] [MEMORY.UPDATED] [memory-system] {"sessionId":"session_1781867390889","memoryType":"history","actor":"system"}
[2026-06-19T11:12:00.975Z] [MEMORY.UPDATED] [memory-system] {"sessionId":"session_1781867390889","memoryType":"history","actor":"system"}
[2026-06-19T11:12:31.742Z] [EXECUTION_COMPLETED] [system] {"input":"create a file named gokul123","status":"COMPLETED"}
